amp scraper aws_prometheus_scraper
apigateway account aws_api_gateway_account
apigateway domain_name_access_association aws_api_gateway_domain_name_access_association
appconfig environment aws_appconfig_environment
appfabric app_authorization aws_appfabric_app_authorization
appfabric app_authorization_connection aws_appfabric_app_authorization_connection
appfabric app_bundle aws_appfabric_app_bundle
appfabric ingestion aws_appfabric_ingestion
appfabric ingestion_destination aws_appfabric_ingestion_destination
apprunner default_auto_scaling_configuration_version aws_apprunner_default_auto_scaling_configuration_version
apprunner deployment aws_apprunner_deployment
appsync source_api_association aws_appsync_source_api_association
auditmanager account_registration aws_auditmanager_account_registration
auditmanager assessment aws_auditmanager_assessment
auditmanager assessment_delegation aws_auditmanager_assessment_delegation
auditmanager assessment_report aws_auditmanager_assessment_report
auditmanager control aws_auditmanager_control
auditmanager framework aws_auditmanager_framework
auditmanager framework_share aws_auditmanager_framework_share
auditmanager organization_admin_account_registration aws_auditmanager_organization_admin_account_registration
backup logically_air_gapped_vault aws_backup_logically_air_gapped_vault
backup restore_testing_plan aws_backup_restore_testing_plan
backup restore_testing_selection aws_backup_restore_testing_selection
batch job_queue aws_batch_job_queue
bcmdataexports export aws_bcmdataexports_export
bedrock custom_model aws_bedrock_custom_model
bedrock guardrail aws_bedrock_guardrail
bedrock guardrail_version aws_bedrock_guardrail_version
bedrock inference_profile aws_bedrock_inference_profile
bedrock model_invocation_logging_configuration aws_bedrock_model_invocation_logging_configuration
bedrock provisioned_model_throughput aws_bedrock_provisioned_model_throughput
bedrockagent agent aws_bedrockagent_agent
bedrockagent agent_action_group aws_bedrockagent_agent_action_group
bedrockagent agent_alias aws_bedrockagent_agent_alias
bedrockagent agent_knowledge_base_association aws_bedrockagent_agent_knowledge_base_association
bedrockagent data_source aws_bedrockagent_data_source
bedrockagent knowledge_base aws_bedrockagent_knowledge_base
chatbot slack_channel_configuration aws_chatbot_slack_channel_configuration
chatbot teams_channel_configuration aws_chatbot_teams_channel_configuration
cloudfront continuous_deployment_policy aws_cloudfront_continuous_deployment_policy
cloudfront key_value_store aws_cloudfront_key_value_store
cloudfront vpc_origin aws_cloudfront_vpc_origin
cloudfrontkeyvaluestore key aws_cloudfrontkeyvaluestore_key
cloudtrail organization_delegated_admin_account aws_cloudtrail_organization_delegated_admin_account
codeconnections connection aws_codeconnections_connection
codeconnections host aws_codeconnections_host
codeguruprofiler profiling_group aws_codeguruprofiler_profiling_group
cognitoidp managed_user_pool_client aws_cognito_managed_user_pool_client
cognitoidp user_pool_client aws_cognito_user_pool_client
computeoptimizer enrollment_status aws_computeoptimizer_enrollment_status
computeoptimizer recommendation_preferences aws_computeoptimizer_recommendation_preferences
configservice retention_configuration aws_config_retention_configuration
costoptimizationhub enrollment_status aws_costoptimizationhub_enrollment_status
costoptimizationhub preferences aws_costoptimizationhub_preferences
datazone asset_type aws_datazone_asset_type
datazone domain aws_datazone_domain
datazone environment aws_datazone_environment
datazone environment_blueprint_configuration aws_datazone_environment_blueprint_configuration
datazone environment_profile aws_datazone_environment_profile
datazone form_type aws_datazone_form_type
datazone glossary aws_datazone_glossary
datazone glossary_term aws_datazone_glossary_term
datazone project aws_datazone_project
datazone user_profile aws_datazone_user_profile
devopsguru event_sources_config aws_devopsguru_event_sources_config
devopsguru notification_channel aws_devopsguru_notification_channel
devopsguru resource_collection aws_devopsguru_resource_collection
devopsguru service_integration aws_devopsguru_service_integration
docdbelastic cluster aws_docdbelastic_cluster
drs replication_configuration_template aws_drs_replication_configuration_template
ds trust aws_directory_service_trust
dynamodb resource_policy aws_dynamodb_resource_policy
ec2 ebs_fast_snapshot_restore aws_ebs_fast_snapshot_restore
ec2 ec2_capacity_block_reservation aws_ec2_capacity_block_reservation
ec2 ec2_eip_domain_name aws_eip_domain_name
ec2 ec2_instance_connect_endpoint aws_ec2_instance_connect_endpoint
ec2 ec2_instance_metadata_defaults aws_ec2_instance_metadata_defaults
ec2 transitgateway_default_route_table_association aws_ec2_transit_gateway_default_route_table_association
ec2 transitgateway_default_route_table_propagation aws_ec2_transit_gateway_default_route_table_propagation
ec2 vpc_block_public_access_exclusion aws_vpc_block_public_access_exclusion
ec2 vpc_block_public_access_options aws_vpc_block_public_access_options
ec2 vpc_endpoint_private_dns aws_vpc_endpoint_private_dns
ec2 vpc_endpoint_service_private_dns_verification aws_vpc_endpoint_service_private_dns_verification
ec2 vpc_security_group_egress_rule aws_vpc_security_group_egress_rule
ec2 vpc_security_group_ingress_rule aws_vpc_security_group_ingress_rule
ec2 vpc_security_group_vpc_association aws_vpc_security_group_vpc_association
ecr account_setting aws_ecr_account_setting
eks pod_identity_association aws_eks_pod_identity_association
elasticache reserved_cache_node aws_elasticache_reserved_cache_node
elasticache serverless_cache aws_elasticache_serverless_cache
fms resource_set aws_fms_resource_set
globalaccelerator cross_account_attachment aws_globalaccelerator_cross_account_attachment
glue catalog_table_optimizer aws_glue_catalog_table_optimizer
grafana workspace_service_account aws_grafana_workspace_service_account
grafana workspace_service_account_token aws_grafana_workspace_service_account_token
guardduty malware_protection_plan aws_guardduty_malware_protection_plan
iam group_policies_exclusive aws_iam_group_policies_exclusive
iam group_policy_attachments_exclusive aws_iam_group_policy_attachments_exclusive
iam organizations_features aws_iam_organizations_features
iam role_policies_exclusive aws_iam_role_policies_exclusive
iam role_policy_attachments_exclusive aws_iam_role_policy_attachments_exclusive
iam user_policies_exclusive aws_iam_user_policies_exclusive
iam user_policy_attachments_exclusive aws_iam_user_policy_attachments_exclusive
imagebuilder lifecycle_policy aws_imagebuilder_lifecycle_policy
iot billing_group aws_iot_billing_group
kafka single_scram_secret_association aws_msk_single_scram_secret_association
kinesis resource_policy aws_kinesis_resource_policy
lakeformation data_cells_filter aws_lakeformation_data_cells_filter
lakeformation resource_lf_tag aws_lakeformation_resource_lf_tag
lambda function_recursion_config aws_lambda_function_recursion_config
lambda runtime_management_config aws_lambda_runtime_management_config
lexv2models bot aws_lexv2models_bot
lexv2models bot_locale aws_lexv2models_bot_locale
lexv2models bot_version aws_lexv2models_bot_version
lexv2models intent aws_lexv2models_intent
lexv2models slot aws_lexv2models_slot
lexv2models slot_type aws_lexv2models_slot_type
logs anomaly_detector aws_cloudwatch_log_anomaly_detector
m2 application aws_m2_application
m2 deployment aws_m2_deployment
m2 environment aws_m2_environment
medialive multiplex_program aws_medialive_multiplex_program
memorydb multi_region_cluster aws_memorydb_multi_region_cluster
networkfirewall tls_inspection_configuration aws_networkfirewall_tls_inspection_configuration
networkmanager dx_gateway_attachment aws_networkmanager_dx_gateway_attachment
networkmonitor monitor aws_networkmonitor_monitor
networkmonitor probe aws_networkmonitor_probe
opensearch authorize_vpc_endpoint_access aws_opensearch_authorize_vpc_endpoint_access
opensearchserverless access_policy aws_opensearchserverless_access_policy
opensearchserverless collection aws_opensearchserverless_collection
opensearchserverless lifecycle_policy aws_opensearchserverless_lifecycle_policy
opensearchserverless security_config aws_opensearchserverless_security_config
opensearchserverless security_policy aws_opensearchserverless_security_policy
opensearchserverless vpc_endpoint aws_opensearchserverless_vpc_endpoint
osis pipeline aws_osis_pipeline
paymentcryptography key aws_paymentcryptography_key
paymentcryptography key_alias aws_paymentcryptography_key_alias
pinpoint email_template aws_pinpoint_email_template
pinpointsmsvoicev2 configuration_set aws_pinpointsmsvoicev2_configuration_set
pinpointsmsvoicev2 opt_out_list aws_pinpointsmsvoicev2_opt_out_list
pinpointsmsvoicev2 phone_number aws_pinpointsmsvoicev2_phone_number
quicksight folder_membership aws_quicksight_folder_membership
quicksight iam_policy_assignment aws_quicksight_iam_policy_assignment
quicksight ingestion aws_quicksight_ingestion
quicksight namespace aws_quicksight_namespace
quicksight refresh_schedule aws_quicksight_refresh_schedule
quicksight template_alias aws_quicksight_template_alias
quicksight vpc_connection aws_quicksight_vpc_connection
rds cluster_snapshot_copy aws_rds_cluster_snapshot_copy
rds export_task aws_rds_export_task
rds instance_state aws_rds_instance_state
rds integration aws_rds_integration
redshift data_share_authorization aws_redshift_data_share_authorization
redshift data_share_consumer_association aws_redshift_data_share_consumer_association
redshift logging aws_redshift_logging
redshift snapshot_copy aws_redshift_snapshot_copy
redshiftserverless custom_domain_association aws_redshiftserverless_custom_domain_association
rekognition collection aws_rekognition_collection
rekognition project aws_rekognition_project
rekognition stream_processor aws_rekognition_stream_processor
resiliencehub resiliency_policy aws_resiliencehub_resiliency_policy
resourceexplorer2 index aws_resourceexplorer2_index
resourceexplorer2 view aws_resourceexplorer2_view
route53 cidr_collection aws_route53_cidr_collection
route53 cidr_location aws_route53_cidr_location
route53domains delegation_signer_record aws_route53domains_delegation_signer_record
route53profiles association aws_route53profiles_association
route53profiles profile aws_route53profiles_profile
route53profiles resource_association aws_route53profiles_resource_association
s3 directory_bucket aws_s3_directory_bucket
s3control access_grant aws_s3control_access_grant
s3control access_grants_instance aws_s3control_access_grants_instance
s3control access_grants_instance_resource_policy aws_s3control_access_grants_instance_resource_policy
s3control access_grants_location aws_s3control_access_grants_location
s3tables namespace aws_s3tables_namespace
s3tables table aws_s3tables_table
s3tables table_bucket aws_s3tables_table_bucket
s3tables table_bucket_policy aws_s3tables_table_bucket_policy
s3tables table_policy aws_s3tables_table_policy
securityhub automation_rule aws_securityhub_automation_rule
securityhub standards_control_association aws_securityhub_standards_control_association
securitylake aws_log_source aws_securitylake_aws_log_source
securitylake custom_log_source aws_securitylake_custom_log_source
securitylake data_lake aws_securitylake_data_lake
securitylake subscriber aws_securitylake_subscriber
securitylake subscriber_notification aws_securitylake_subscriber_notification
servicecatalogappregistry application aws_servicecatalogappregistry_application
servicecatalogappregistry attribute_group aws_servicecatalogappregistry_attribute_group
servicecatalogappregistry attribute_group_association aws_servicecatalogappregistry_attribute_group_association
servicequotas template aws_servicequotas_template
servicequotas template_association aws_servicequotas_template_association
sesv2 account_suppression_attributes aws_sesv2_account_suppression_attributes
shield application_layer_automatic_response aws_shield_application_layer_automatic_response
shield drt_access_log_bucket_association aws_shield_drt_access_log_bucket_association
shield drt_access_role_arn_association aws_shield_drt_access_role_arn_association
shield proactive_engagement aws_shield_proactive_engagement
shield subscription aws_shield_subscription
simpledb domain aws_simpledb_domain
ssmcontacts rotation aws_ssmcontacts_rotation
ssmquicksetup configuration_manager aws_ssmquicksetup_configuration_manager
ssoadmin application aws_ssoadmin_application
ssoadmin application_access_scope aws_ssoadmin_application_access_scope
ssoadmin application_assignment aws_ssoadmin_application_assignment
ssoadmin application_assignment_configuration aws_ssoadmin_application_assignment_configuration
ssoadmin trusted_token_issuer aws_ssoadmin_trusted_token_issuer
timestreaminfluxdb db_instance aws_timestreaminfluxdb_db_instance
verifiedpermissions identity_source aws_verifiedpermissions_identity_source
verifiedpermissions policy aws_verifiedpermissions_policy
verifiedpermissions policy_store aws_verifiedpermissions_policy_store
verifiedpermissions policy_template aws_verifiedpermissions_policy_template
verifiedpermissions schema aws_verifiedpermissions_schema
workspaces connection_alias aws_workspaces_connection_alias
