accessanalyzer analyzer aws_accessanalyzer_analyzer
accessanalyzer archive_rule aws_accessanalyzer_archive_rule
account alternate_contact aws_account_alternate_contact
account primary_contact aws_account_primary_contact
account region aws_account_region
acm certificate aws_acm_certificate
acm certificate_validation aws_acm_certificate_validation
acmpca certificate aws_acmpca_certificate
acmpca certificate_authority aws_acmpca_certificate_authority
acmpca certificate_authority_certificate aws_acmpca_certificate_authority_certificate
acmpca permission aws_acmpca_permission
acmpca policy aws_acmpca_policy
amp alert_manager_definition aws_prometheus_alert_manager_definition
amp rule_group_namespace aws_prometheus_rule_group_namespace
amp workspace aws_prometheus_workspace
amplify app aws_amplify_app
amplify backend_environment aws_amplify_backend_environment
amplify branch aws_amplify_branch
amplify domain_association aws_amplify_domain_association
amplify webhook aws_amplify_webhook
apigateway api_key aws_api_gateway_api_key
apigateway authorizer aws_api_gateway_authorizer
apigateway base_path_mapping aws_api_gateway_base_path_mapping
apigateway client_certificate aws_api_gateway_client_certificate
apigateway deployment aws_api_gateway_deployment
apigateway documentation_part aws_api_gateway_documentation_part
apigateway documentation_version aws_api_gateway_documentation_version
apigateway domain_name aws_api_gateway_domain_name
apigateway gateway_response aws_api_gateway_gateway_response
apigateway integration aws_api_gateway_integration
apigateway integration_response aws_api_gateway_integration_response
apigateway method aws_api_gateway_method
apigateway method_response aws_api_gateway_method_response
apigateway method_settings aws_api_gateway_method_settings
apigateway model aws_api_gateway_model
apigateway request_validator aws_api_gateway_request_validator
apigateway resource aws_api_gateway_resource
apigateway rest_api aws_api_gateway_rest_api
apigateway rest_api_policy aws_api_gateway_rest_api_policy
apigateway stage aws_api_gateway_stage
apigateway usage_plan aws_api_gateway_usage_plan
apigateway usage_plan_key aws_api_gateway_usage_plan_key
apigateway vpc_link aws_api_gateway_vpc_link
apigatewayv2 api aws_apigatewayv2_api
apigatewayv2 api_mapping aws_apigatewayv2_api_mapping
apigatewayv2 authorizer aws_apigatewayv2_authorizer
apigatewayv2 deployment aws_apigatewayv2_deployment
apigatewayv2 domain_name aws_apigatewayv2_domain_name
apigatewayv2 integration aws_apigatewayv2_integration
apigatewayv2 integration_response aws_apigatewayv2_integration_response
apigatewayv2 model aws_apigatewayv2_model
apigatewayv2 route aws_apigatewayv2_route
apigatewayv2 route_response aws_apigatewayv2_route_response
apigatewayv2 stage aws_apigatewayv2_stage
apigatewayv2 vpc_link aws_apigatewayv2_vpc_link
appautoscaling policy aws_appautoscaling_policy
appautoscaling scheduled_action aws_appautoscaling_scheduled_action
appautoscaling target aws_appautoscaling_target
appconfig application aws_appconfig_application
appconfig configuration_profile aws_appconfig_configuration_profile
appconfig deployment aws_appconfig_deployment
appconfig deployment_strategy aws_appconfig_deployment_strategy
appconfig extension aws_appconfig_extension
appconfig extension_association aws_appconfig_extension_association
appconfig hosted_configuration_version aws_appconfig_hosted_configuration_version
appflow connector_profile aws_appflow_connector_profile
appflow flow aws_appflow_flow
appintegrations data_integration aws_appintegrations_data_integration
appintegrations event_integration aws_appintegrations_event_integration
applicationinsights application aws_applicationinsights_application
appmesh gateway_route aws_appmesh_gateway_route
appmesh mesh aws_appmesh_mesh
appmesh route aws_appmesh_route
appmesh virtual_gateway aws_appmesh_virtual_gateway
appmesh virtual_node aws_appmesh_virtual_node
appmesh virtual_router aws_appmesh_virtual_router
appmesh virtual_service aws_appmesh_virtual_service
apprunner auto_scaling_configuration_version aws_apprunner_auto_scaling_configuration_version
apprunner connection aws_apprunner_connection
apprunner custom_domain_association aws_apprunner_custom_domain_association
apprunner observability_configuration aws_apprunner_observability_configuration
apprunner service aws_apprunner_service
apprunner vpc_connector aws_apprunner_vpc_connector
apprunner vpc_ingress_connection aws_apprunner_vpc_ingress_connection
appstream directory_config aws_appstream_directory_config
appstream fleet aws_appstream_fleet
appstream fleet_stack_association aws_appstream_fleet_stack_association
appstream image_builder aws_appstream_image_builder
appstream stack aws_appstream_stack
appstream user aws_appstream_user
appstream user_stack_association aws_appstream_user_stack_association
appsync api_cache aws_appsync_api_cache
appsync api_key aws_appsync_api_key
appsync datasource aws_appsync_datasource
appsync domain_name aws_appsync_domain_name
appsync domain_name_api_association aws_appsync_domain_name_api_association
appsync function aws_appsync_function
appsync graphql_api aws_appsync_graphql_api
appsync resolver aws_appsync_resolver
appsync type aws_appsync_type
athena data_catalog aws_athena_data_catalog
athena database aws_athena_database
athena named_query aws_athena_named_query
athena prepared_statement aws_athena_prepared_statement
athena workgroup aws_athena_workgroup
autoscaling attachment aws_autoscaling_attachment
autoscaling group aws_autoscaling_group
autoscaling group_tag aws_autoscaling_group_tag
autoscaling launch_configuration aws_launch_configuration
autoscaling lifecycle_hook aws_autoscaling_lifecycle_hook
autoscaling notification aws_autoscaling_notification
autoscaling policy aws_autoscaling_policy
autoscaling schedule aws_autoscaling_schedule
autoscaling traffic_source_attachment aws_autoscaling_traffic_source_attachment
autoscalingplans scaling_plan aws_autoscalingplans_scaling_plan
backup framework aws_backup_framework
backup global_settings aws_backup_global_settings
backup plan aws_backup_plan
backup region_settings aws_backup_region_settings
backup report_plan aws_backup_report_plan
backup selection aws_backup_selection
backup vault aws_backup_vault
backup vault_lock_configuration aws_backup_vault_lock_configuration
backup vault_notifications aws_backup_vault_notifications
backup vault_policy aws_backup_vault_policy
batch compute_environment aws_batch_compute_environment
batch job_definition aws_batch_job_definition
batch scheduling_policy aws_batch_scheduling_policy
budgets budget aws_budgets_budget
budgets budget_action aws_budgets_budget_action
ce anomaly_monitor aws_ce_anomaly_monitor
ce anomaly_subscription aws_ce_anomaly_subscription
ce cost_allocation_tag aws_ce_cost_allocation_tag
ce cost_category aws_ce_cost_category
chime voice_connector aws_chime_voice_connector
chime voice_connector_group aws_chime_voice_connector_group
chime voice_connector_logging aws_chime_voice_connector_logging
chime voice_connector_origination aws_chime_voice_connector_origination
chime voice_connector_streaming aws_chime_voice_connector_streaming
chime voice_connector_termination aws_chime_voice_connector_termination
chime voice_connector_termination_credentials aws_chime_voice_connector_termination_credentials
chimesdkmediapipelines media_insights_pipeline_configuration aws_chimesdkmediapipelines_media_insights_pipeline_configuration
chimesdkvoice global_settings aws_chimesdkvoice_global_settings
chimesdkvoice sip_media_application aws_chimesdkvoice_sip_media_application
chimesdkvoice sip_rule aws_chimesdkvoice_sip_rule
chimesdkvoice voice_profile_domain aws_chimesdkvoice_voice_profile_domain
cleanrooms collaboration aws_cleanrooms_collaboration
cleanrooms configured_table aws_cleanrooms_configured_table
cloud9 environment_ec2 aws_cloud9_environment_ec2
cloud9 environment_membership aws_cloud9_environment_membership
cloudcontrol resource aws_cloudcontrolapi_resource
cloudformation stack aws_cloudformation_stack
cloudformation stack_instances aws_cloudformation_stack_instances
cloudformation stack_set aws_cloudformation_stack_set
cloudformation stack_set_instance aws_cloudformation_stack_set_instance
cloudformation type aws_cloudformation_type
cloudfront cache_policy aws_cloudfront_cache_policy
cloudfront distribution aws_cloudfront_distribution
cloudfront field_level_encryption_config aws_cloudfront_field_level_encryption_config
cloudfront field_level_encryption_profile aws_cloudfront_field_level_encryption_profile
cloudfront function aws_cloudfront_function
cloudfront key_group aws_cloudfront_key_group
cloudfront monitoring_subscription aws_cloudfront_monitoring_subscription
cloudfront origin_access_control aws_cloudfront_origin_access_control
cloudfront origin_access_identity aws_cloudfront_origin_access_identity
cloudfront origin_request_policy aws_cloudfront_origin_request_policy
cloudfront public_key aws_cloudfront_public_key
cloudfront realtime_log_config aws_cloudfront_realtime_log_config
cloudfront response_headers_policy aws_cloudfront_response_headers_policy
cloudhsmv2 cluster aws_cloudhsm_v2_cluster
cloudhsmv2 hsm aws_cloudhsm_v2_hsm
cloudsearch domain aws_cloudsearch_domain
cloudsearch domain_service_access_policy aws_cloudsearch_domain_service_access_policy
cloudtrail event_data_store aws_cloudtrail_event_data_store
cloudtrail trail aws_cloudtrail
cloudwatch composite_alarm aws_cloudwatch_composite_alarm
cloudwatch dashboard aws_cloudwatch_dashboard
cloudwatch metric_alarm aws_cloudwatch_metric_alarm
cloudwatch metric_stream aws_cloudwatch_metric_stream
codeartifact domain aws_codeartifact_domain
codeartifact domain_permissions_policy aws_codeartifact_domain_permissions_policy
codeartifact repository aws_codeartifact_repository
codeartifact repository_permissions_policy aws_codeartifact_repository_permissions_policy
codebuild fleet aws_codebuild_fleet
codebuild project aws_codebuild_project
codebuild report_group aws_codebuild_report_group
codebuild resource_policy aws_codebuild_resource_policy
codebuild source_credential aws_codebuild_source_credential
codebuild webhook aws_codebuild_webhook
codecatalyst dev_environment aws_codecatalyst_dev_environment
codecatalyst project aws_codecatalyst_project
codecatalyst source_repository aws_codecatalyst_source_repository
codecommit approval_rule_template aws_codecommit_approval_rule_template
codecommit approval_rule_template_association aws_codecommit_approval_rule_template_association
codecommit repository aws_codecommit_repository
codecommit trigger aws_codecommit_trigger
codegurureviewer repository_association aws_codegurureviewer_repository_association
codepipeline codepipeline aws_codepipeline
codepipeline custom_action_type aws_codepipeline_custom_action_type
codepipeline webhook aws_codepipeline_webhook
codestarconnections connection aws_codestarconnections_connection
codestarconnections host aws_codestarconnections_host
codestarnotifications notification_rule aws_codestarnotifications_notification_rule
cognitoidentity pool aws_cognito_identity_pool
cognitoidentity pool_provider_principal_tag aws_cognito_identity_pool_provider_principal_tag
cognitoidentity pool_roles_attachment aws_cognito_identity_pool_roles_attachment
cognitoidp identity_provider aws_cognito_identity_provider
cognitoidp resource_server aws_cognito_resource_server
cognitoidp risk_configuration aws_cognito_risk_configuration
cognitoidp user aws_cognito_user
cognitoidp user_group aws_cognito_user_group
cognitoidp user_in_group aws_cognito_user_in_group
cognitoidp user_pool aws_cognito_user_pool
cognitoidp user_pool_domain aws_cognito_user_pool_domain
cognitoidp user_pool_ui_customization aws_cognito_user_pool_ui_customization
comprehend document_classifier aws_comprehend_document_classifier
comprehend entity_recognizer aws_comprehend_entity_recognizer
configservice aggregate_authorization aws_config_aggregate_authorization
configservice config_rule aws_config_config_rule
configservice configuration_aggregator aws_config_configuration_aggregator
configservice configuration_recorder aws_config_configuration_recorder
configservice configuration_recorder_status aws_config_configuration_recorder_status
configservice conformance_pack aws_config_conformance_pack
configservice delivery_channel aws_config_delivery_channel
configservice organization_conformance_pack aws_config_organization_conformance_pack
configservice organization_custom_policy_rule aws_config_organization_custom_policy_rule
configservice organization_custom_rule aws_config_organization_custom_rule
configservice organization_managed_rule aws_config_organization_managed_rule
configservice remediation_configuration aws_config_remediation_configuration
connect bot_association aws_connect_bot_association
connect contact_flow aws_connect_contact_flow
connect contact_flow_module aws_connect_contact_flow_module
connect hours_of_operation aws_connect_hours_of_operation
connect instance aws_connect_instance
connect instance_storage_config aws_connect_instance_storage_config
connect lambda_function_association aws_connect_lambda_function_association
connect phone_number aws_connect_phone_number
connect queue aws_connect_queue
connect quick_connect aws_connect_quick_connect
connect routing_profile aws_connect_routing_profile
connect security_profile aws_connect_security_profile
connect user aws_connect_user
connect user_hierarchy_group aws_connect_user_hierarchy_group
connect user_hierarchy_structure aws_connect_user_hierarchy_structure
connect vocabulary aws_connect_vocabulary
controltower control aws_controltower_control
controltower landing_zone aws_controltower_landing_zone
cur report_definition aws_cur_report_definition
customerprofiles domain aws_customerprofiles_domain
customerprofiles profile aws_customerprofiles_profile
dataexchange data_set aws_dataexchange_data_set
dataexchange revision aws_dataexchange_revision
datapipeline pipeline aws_datapipeline_pipeline
datapipeline pipeline_definition aws_datapipeline_pipeline_definition
datasync agent aws_datasync_agent
datasync location_azure_blob aws_datasync_location_azure_blob
datasync location_efs aws_datasync_location_efs
datasync location_fsx_lustre_file_system aws_datasync_location_fsx_lustre_file_system
datasync location_fsx_ontap_file_system aws_datasync_location_fsx_ontap_file_system
datasync location_fsx_openzfs_file_system aws_datasync_location_fsx_openzfs_file_system
datasync location_fsx_windows_file_system aws_datasync_location_fsx_windows_file_system
datasync location_hdfs aws_datasync_location_hdfs
datasync location_nfs aws_datasync_location_nfs
datasync location_object_storage aws_datasync_location_object_storage
datasync location_s3 aws_datasync_location_s3
datasync location_smb aws_datasync_location_smb
datasync task aws_datasync_task
dax cluster aws_dax_cluster
dax parameter_group aws_dax_parameter_group
dax subnet_group aws_dax_subnet_group
deploy app aws_codedeploy_app
deploy deployment_config aws_codedeploy_deployment_config
deploy deployment_group aws_codedeploy_deployment_group
detective graph aws_detective_graph
detective invitation_accepter aws_detective_invitation_accepter
detective member aws_detective_member
detective organization_admin_account aws_detective_organization_admin_account
detective organization_configuration aws_detective_organization_configuration
devicefarm device_pool aws_devicefarm_device_pool
devicefarm instance_profile aws_devicefarm_instance_profile
devicefarm network_profile aws_devicefarm_network_profile
devicefarm project aws_devicefarm_project
devicefarm test_grid_project aws_devicefarm_test_grid_project
devicefarm upload aws_devicefarm_upload
directconnect bgp_peer aws_dx_bgp_peer
directconnect connection aws_dx_connection
directconnect connection_association aws_dx_connection_association
directconnect connection_confirmation aws_dx_connection_confirmation
directconnect gateway aws_dx_gateway
directconnect gateway_association aws_dx_gateway_association
directconnect gateway_association_proposal aws_dx_gateway_association_proposal
directconnect hosted_connection aws_dx_hosted_connection
directconnect hosted_private_virtual_interface aws_dx_hosted_private_virtual_interface
directconnect hosted_private_virtual_interface_accepter aws_dx_hosted_private_virtual_interface_accepter
directconnect hosted_public_virtual_interface aws_dx_hosted_public_virtual_interface
directconnect hosted_public_virtual_interface_accepter aws_dx_hosted_public_virtual_interface_accepter
directconnect hosted_transit_virtual_interface aws_dx_hosted_transit_virtual_interface
directconnect hosted_transit_virtual_interface_accepter aws_dx_hosted_transit_virtual_interface_accepter
directconnect lag aws_dx_lag
directconnect macsec_key_association aws_dx_macsec_key_association
directconnect private_virtual_interface aws_dx_private_virtual_interface
directconnect public_virtual_interface aws_dx_public_virtual_interface
directconnect transit_virtual_interface aws_dx_transit_virtual_interface
dlm lifecycle_policy aws_dlm_lifecycle_policy
dms certificate aws_dms_certificate
dms endpoint aws_dms_endpoint
dms event_subscription aws_dms_event_subscription
dms replication_config aws_dms_replication_config
dms replication_instance aws_dms_replication_instance
dms replication_subnet_group aws_dms_replication_subnet_group
dms replication_task aws_dms_replication_task
dms s3_endpoint aws_dms_s3_endpoint
docdb cluster aws_docdb_cluster
docdb cluster_instance aws_docdb_cluster_instance
docdb cluster_parameter_group aws_docdb_cluster_parameter_group
docdb cluster_snapshot aws_docdb_cluster_snapshot
docdb event_subscription aws_docdb_event_subscription
docdb global_cluster aws_docdb_global_cluster
docdb subnet_group aws_docdb_subnet_group
ds conditional_forwarder aws_directory_service_conditional_forwarder
ds directory aws_directory_service_directory
ds log_subscription aws_directory_service_log_subscription
ds radius_settings aws_directory_service_radius_settings
ds region aws_directory_service_region
ds shared_directory aws_directory_service_shared_directory
ds shared_directory_accepter aws_directory_service_shared_directory_accepter
dynamodb contributor_insights aws_dynamodb_contributor_insights
dynamodb global_table aws_dynamodb_global_table
dynamodb kinesis_streaming_destination aws_dynamodb_kinesis_streaming_destination
dynamodb table aws_dynamodb_table
dynamodb table_export aws_dynamodb_table_export
dynamodb table_item aws_dynamodb_table_item
dynamodb table_replica aws_dynamodb_table_replica
dynamodb tag_gen aws_dynamodb_tag
ec2 ebs_default_kms_key aws_ebs_default_kms_key
ec2 ebs_encryption_by_default aws_ebs_encryption_by_default
ec2 ebs_snapshot aws_ebs_snapshot
ec2 ebs_snapshot_block_public_access aws_ebs_snapshot_block_public_access
ec2 ebs_snapshot_copy aws_ebs_snapshot_copy
ec2 ebs_snapshot_create_volume_permission aws_snapshot_create_volume_permission
ec2 ebs_snapshot_import aws_ebs_snapshot_import
ec2 ebs_volume aws_ebs_volume
ec2 ebs_volume_attachment aws_volume_attachment
ec2 ec2_ami aws_ami
ec2 ec2_ami_copy aws_ami_copy
ec2 ec2_ami_from_instance aws_ami_from_instance
ec2 ec2_ami_launch_permission aws_ami_launch_permission
ec2 ec2_availability_zone_group aws_ec2_availability_zone_group
ec2 ec2_capacity_reservation aws_ec2_capacity_reservation
ec2 ec2_eip aws_eip
ec2 ec2_eip_association aws_eip_association
ec2 ec2_fleet aws_ec2_fleet
ec2 ec2_host aws_ec2_host
ec2 ec2_image_block_public_access aws_ec2_image_block_public_access
ec2 ec2_instance aws_instance
ec2 ec2_instance_state aws_ec2_instance_state
ec2 ec2_key_pair aws_key_pair
ec2 ec2_launch_template aws_launch_template
ec2 ec2_placement_group aws_placement_group
ec2 ec2_serial_console_access aws_ec2_serial_console_access
ec2 ec2_spot_datafeed_subscription aws_spot_datafeed_subscription
ec2 ec2_spot_fleet_request aws_spot_fleet_request
ec2 ec2_spot_instance_request aws_spot_instance_request
ec2 ipam_ aws_vpc_ipam
ec2 ipam_organization_admin_account aws_vpc_ipam_organization_admin_account
ec2 ipam_pool aws_vpc_ipam_pool
ec2 ipam_pool_cidr aws_vpc_ipam_pool_cidr
ec2 ipam_pool_cidr_allocation aws_vpc_ipam_pool_cidr_allocation
ec2 ipam_preview_next_cidr aws_vpc_ipam_preview_next_cidr
ec2 ipam_resource_discovery aws_vpc_ipam_resource_discovery
ec2 ipam_resource_discovery_association aws_vpc_ipam_resource_discovery_association
ec2 ipam_scope aws_vpc_ipam_scope
ec2 outposts_local_gateway_route aws_ec2_local_gateway_route
ec2 outposts_local_gateway_route_table_vpc_association aws_ec2_local_gateway_route_table_vpc_association
ec2 tag_gen aws_ec2_tag
ec2 transitgateway_ aws_ec2_transit_gateway
ec2 transitgateway_connect aws_ec2_transit_gateway_connect
ec2 transitgateway_connect_peer aws_ec2_transit_gateway_connect_peer
ec2 transitgateway_multicast_domain aws_ec2_transit_gateway_multicast_domain
ec2 transitgateway_multicast_domain_association aws_ec2_transit_gateway_multicast_domain_association
ec2 transitgateway_multicast_group_member aws_ec2_transit_gateway_multicast_group_member
ec2 transitgateway_multicast_group_source aws_ec2_transit_gateway_multicast_group_source
ec2 transitgateway_peering_attachment aws_ec2_transit_gateway_peering_attachment
ec2 transitgateway_peering_attachment_accepter aws_ec2_transit_gateway_peering_attachment_accepter
ec2 transitgateway_policy_table aws_ec2_transit_gateway_policy_table
ec2 transitgateway_policy_table_association aws_ec2_transit_gateway_policy_table_association
ec2 transitgateway_prefix_list_reference aws_ec2_transit_gateway_prefix_list_reference
ec2 transitgateway_route aws_ec2_transit_gateway_route
ec2 transitgateway_route_table aws_ec2_transit_gateway_route_table
ec2 transitgateway_route_table_association aws_ec2_transit_gateway_route_table_association
ec2 transitgateway_route_table_propagation aws_ec2_transit_gateway_route_table_propagation
ec2 transitgateway_vpc_attachment aws_ec2_transit_gateway_vpc_attachment
ec2 transitgateway_vpc_attachment_accepter aws_ec2_transit_gateway_vpc_attachment_accepter
ec2 verifiedaccess_endpoint aws_verifiedaccess_endpoint
ec2 verifiedaccess_group aws_verifiedaccess_group
ec2 verifiedaccess_instance aws_verifiedaccess_instance
ec2 verifiedaccess_instance_logging_configuration aws_verifiedaccess_instance_logging_configuration
ec2 verifiedaccess_instance_trust_provider_attachment aws_verifiedaccess_instance_trust_provider_attachment
ec2 verifiedaccess_trust_provider aws_verifiedaccess_trust_provider
ec2 vpc_ aws_vpc
ec2 vpc_default_network_acl aws_default_network_acl
ec2 vpc_default_route_table aws_default_route_table
ec2 vpc_default_security_group aws_default_security_group
ec2 vpc_default_subnet aws_default_subnet
ec2 vpc_default_vpc aws_default_vpc
ec2 vpc_default_vpc_dhcp_options aws_default_vpc_dhcp_options
ec2 vpc_dhcp_options aws_vpc_dhcp_options
ec2 vpc_dhcp_options_association aws_vpc_dhcp_options_association
ec2 vpc_egress_only_internet_gateway aws_egress_only_internet_gateway
ec2 vpc_endpoint aws_vpc_endpoint
ec2 vpc_endpoint_connection_accepter aws_vpc_endpoint_connection_accepter
ec2 vpc_endpoint_connection_notification aws_vpc_endpoint_connection_notification
ec2 vpc_endpoint_policy aws_vpc_endpoint_policy
ec2 vpc_endpoint_route_table_association aws_vpc_endpoint_route_table_association
ec2 vpc_endpoint_security_group_association aws_vpc_endpoint_security_group_association
ec2 vpc_endpoint_service aws_vpc_endpoint_service
ec2 vpc_endpoint_service_allowed_principal aws_vpc_endpoint_service_allowed_principal
ec2 vpc_endpoint_subnet_association aws_vpc_endpoint_subnet_association
ec2 vpc_flow_log aws_flow_log
ec2 vpc_internet_gateway aws_internet_gateway
ec2 vpc_internet_gateway_attachment aws_internet_gateway_attachment
ec2 vpc_ipv4_cidr_block_association aws_vpc_ipv4_cidr_block_association
ec2 vpc_ipv6_cidr_block_association aws_vpc_ipv6_cidr_block_association
ec2 vpc_main_route_table_association aws_main_route_table_association
ec2 vpc_managed_prefix_list aws_ec2_managed_prefix_list
ec2 vpc_managed_prefix_list_entry aws_ec2_managed_prefix_list_entry
ec2 vpc_nat_gateway aws_nat_gateway
ec2 vpc_network_acl aws_network_acl
ec2 vpc_network_acl_association aws_network_acl_association
ec2 vpc_network_acl_rule aws_network_acl_rule
ec2 vpc_network_insights_analysis aws_ec2_network_insights_analysis
ec2 vpc_network_insights_path aws_ec2_network_insights_path
ec2 vpc_network_interface aws_network_interface
ec2 vpc_network_interface_attachment aws_network_interface_attachment
ec2 vpc_network_interface_sg_attachment aws_network_interface_sg_attachment
ec2 vpc_network_performance_metric_subscription aws_vpc_network_performance_metric_subscription
ec2 vpc_peering_connection aws_vpc_peering_connection
ec2 vpc_peering_connection_accepter aws_vpc_peering_connection_accepter
ec2 vpc_peering_connection_options aws_vpc_peering_connection_options
ec2 vpc_route aws_route
ec2 vpc_route_table aws_route_table
ec2 vpc_route_table_association aws_route_table_association
ec2 vpc_security_group aws_security_group
ec2 vpc_security_group_rule aws_security_group_rule
ec2 vpc_subnet aws_subnet
ec2 vpc_subnet_cidr_reservation aws_ec2_subnet_cidr_reservation
ec2 vpc_traffic_mirror_filter aws_ec2_traffic_mirror_filter
ec2 vpc_traffic_mirror_filter_rule aws_ec2_traffic_mirror_filter_rule
ec2 vpc_traffic_mirror_session aws_ec2_traffic_mirror_session
ec2 vpc_traffic_mirror_target aws_ec2_traffic_mirror_target
ec2 vpnclient_authorization_rule aws_ec2_client_vpn_authorization_rule
ec2 vpnclient_endpoint aws_ec2_client_vpn_endpoint
ec2 vpnclient_network_association aws_ec2_client_vpn_network_association
ec2 vpnclient_route aws_ec2_client_vpn_route
ec2 vpnsite_connection aws_vpn_connection
ec2 vpnsite_connection_route aws_vpn_connection_route
ec2 vpnsite_customer_gateway aws_customer_gateway
ec2 vpnsite_gateway aws_vpn_gateway
ec2 vpnsite_gateway_attachment aws_vpn_gateway_attachment
ec2 vpnsite_gateway_route_propagation aws_vpn_gateway_route_propagation
ec2 wavelength_carrier_gateway aws_ec2_carrier_gateway
ecr lifecycle_policy aws_ecr_lifecycle_policy
ecr pull_through_cache_rule aws_ecr_pull_through_cache_rule
ecr registry_policy aws_ecr_registry_policy
ecr registry_scanning_configuration aws_ecr_registry_scanning_configuration
ecr replication_configuration aws_ecr_replication_configuration
ecr repository aws_ecr_repository
ecr repository_creation_template aws_ecr_repository_creation_template
ecr repository_policy aws_ecr_repository_policy
ecrpublic repository aws_ecrpublic_repository
ecrpublic repository_policy aws_ecrpublic_repository_policy
ecs account_setting_default aws_ecs_account_setting_default
ecs capacity_provider aws_ecs_capacity_provider
ecs cluster aws_ecs_cluster
ecs cluster_capacity_providers aws_ecs_cluster_capacity_providers
ecs service aws_ecs_service
ecs tag_gen aws_ecs_tag
ecs task_definition aws_ecs_task_definition
ecs task_set aws_ecs_task_set
efs access_point aws_efs_access_point
efs backup_policy aws_efs_backup_policy
efs file_system aws_efs_file_system
efs file_system_policy aws_efs_file_system_policy
efs mount_target aws_efs_mount_target
efs replication_configuration aws_efs_replication_configuration
eks access_entry aws_eks_access_entry
eks access_policy_association aws_eks_access_policy_association
eks addon aws_eks_addon
eks cluster aws_eks_cluster
eks fargate_profile aws_eks_fargate_profile
eks identity_provider_config aws_eks_identity_provider_config
eks node_group aws_eks_node_group
elasticache cluster aws_elasticache_cluster
elasticache global_replication_group aws_elasticache_global_replication_group
elasticache parameter_group aws_elasticache_parameter_group
elasticache replication_group aws_elasticache_replication_group
elasticache subnet_group aws_elasticache_subnet_group
elasticache user aws_elasticache_user
elasticache user_group aws_elasticache_user_group
elasticache user_group_association aws_elasticache_user_group_association
elasticbeanstalk application aws_elastic_beanstalk_application
elasticbeanstalk application_version aws_elastic_beanstalk_application_version
elasticbeanstalk configuration_template aws_elastic_beanstalk_configuration_template
elasticbeanstalk environment aws_elastic_beanstalk_environment
elasticsearch domain aws_elasticsearch_domain
elasticsearch domain_policy aws_elasticsearch_domain_policy
elasticsearch domain_saml_options aws_elasticsearch_domain_saml_options
elasticsearch vpc_endpoint aws_elasticsearch_vpc_endpoint
elastictranscoder pipeline aws_elastictranscoder_pipeline
elastictranscoder preset aws_elastictranscoder_preset
elb app_cookie_stickiness_policy aws_app_cookie_stickiness_policy
elb attachment aws_elb_attachment
elb backend_server_policy aws_load_balancer_backend_server_policy
elb lb_cookie_stickiness_policy aws_lb_cookie_stickiness_policy
elb lb_ssl_negotiation_policy aws_lb_ssl_negotiation_policy
elb listener_policy aws_load_balancer_listener_policy
elb load_balancer aws_elb
elb policy aws_load_balancer_policy
elb proxy_protocol_policy aws_proxy_protocol_policy
elbv2 listener aws_alb_listener
elbv2 listener aws_lb_listener
elbv2 listener_certificate aws_alb_listener_certificate
elbv2 listener_certificate aws_lb_listener_certificate
elbv2 listener_rule aws_alb_listener_rule
elbv2 listener_rule aws_lb_listener_rule
elbv2 load_balancer aws_alb
elbv2 load_balancer aws_lb
elbv2 target_group aws_alb_target_group
elbv2 target_group aws_lb_target_group
elbv2 target_group_attachment aws_alb_target_group_attachment
elbv2 target_group_attachment aws_lb_target_group_attachment
elbv2 trust_store aws_lb_trust_store
elbv2 trust_store_revocation aws_lb_trust_store_revocation
emr block_public_access_configuration aws_emr_block_public_access_configuration
emr cluster aws_emr_cluster
emr instance_fleet aws_emr_instance_fleet
emr instance_group aws_emr_instance_group
emr managed_scaling_policy aws_emr_managed_scaling_policy
emr security_configuration aws_emr_security_configuration
emr studio aws_emr_studio
emr studio_session_mapping aws_emr_studio_session_mapping
emrcontainers job_template aws_emrcontainers_job_template
emrcontainers virtual_cluster aws_emrcontainers_virtual_cluster
emrserverless application aws_emrserverless_application
events api_destination aws_cloudwatch_event_api_destination
events archive aws_cloudwatch_event_archive
events bus aws_cloudwatch_event_bus
events bus_policy aws_cloudwatch_event_bus_policy
events connection aws_cloudwatch_event_connection
events endpoint aws_cloudwatch_event_endpoint
events permission aws_cloudwatch_event_permission
events rule aws_cloudwatch_event_rule
events target aws_cloudwatch_event_target
evidently feature aws_evidently_feature
evidently launch aws_evidently_launch
evidently project aws_evidently_project
evidently segment aws_evidently_segment
finspace kx_cluster aws_finspace_kx_cluster
finspace kx_database aws_finspace_kx_database
finspace kx_dataview aws_finspace_kx_dataview
finspace kx_environment aws_finspace_kx_environment
finspace kx_scaling_group aws_finspace_kx_scaling_group
finspace kx_user aws_finspace_kx_user
finspace kx_volume aws_finspace_kx_volume
firehose delivery_stream aws_kinesis_firehose_delivery_stream
fis experiment_template aws_fis_experiment_template
fms admin_account aws_fms_admin_account
fms policy aws_fms_policy
fsx backup aws_fsx_backup
fsx data_repository_association aws_fsx_data_repository_association
fsx file_cache aws_fsx_file_cache
fsx lustre_file_system aws_fsx_lustre_file_system
fsx ontap_file_system aws_fsx_ontap_file_system
fsx ontap_storage_virtual_machine aws_fsx_ontap_storage_virtual_machine
fsx ontap_volume aws_fsx_ontap_volume
fsx openzfs_file_system aws_fsx_openzfs_file_system
fsx openzfs_snapshot aws_fsx_openzfs_snapshot
fsx openzfs_volume aws_fsx_openzfs_volume
fsx windows_file_system aws_fsx_windows_file_system
gamelift alias aws_gamelift_alias
gamelift build aws_gamelift_build
gamelift fleet aws_gamelift_fleet
gamelift game_server_group aws_gamelift_game_server_group
gamelift game_session_queue aws_gamelift_game_session_queue
gamelift script aws_gamelift_script
glacier vault aws_glacier_vault
glacier vault_lock aws_glacier_vault_lock
globalaccelerator accelerator aws_globalaccelerator_accelerator
globalaccelerator custom_routing_accelerator aws_globalaccelerator_custom_routing_accelerator
globalaccelerator custom_routing_endpoint_group aws_globalaccelerator_custom_routing_endpoint_group
globalaccelerator custom_routing_listener aws_globalaccelerator_custom_routing_listener
globalaccelerator endpoint_group aws_globalaccelerator_endpoint_group
globalaccelerator listener aws_globalaccelerator_listener
glue catalog_database aws_glue_catalog_database
glue catalog_table aws_glue_catalog_table
glue classifier aws_glue_classifier
glue connection aws_glue_connection
glue crawler aws_glue_crawler
glue data_catalog_encryption_settings aws_glue_data_catalog_encryption_settings
glue data_quality_ruleset aws_glue_data_quality_ruleset
glue dev_endpoint aws_glue_dev_endpoint
glue job aws_glue_job
glue ml_transform aws_glue_ml_transform
glue partition aws_glue_partition
glue partition_index aws_glue_partition_index
glue registry aws_glue_registry
glue resource_policy aws_glue_resource_policy
glue schema aws_glue_schema
glue security_configuration aws_glue_security_configuration
glue trigger aws_glue_trigger
glue user_defined_function aws_glue_user_defined_function
glue workflow aws_glue_workflow
grafana license_association aws_grafana_license_association
grafana role_association aws_grafana_role_association
grafana workspace aws_grafana_workspace
grafana workspace_api_key aws_grafana_workspace_api_key
grafana workspace_saml_configuration aws_grafana_workspace_saml_configuration
guardduty detector aws_guardduty_detector
guardduty detector_feature aws_guardduty_detector_feature
guardduty filter aws_guardduty_filter
guardduty invite_accepter aws_guardduty_invite_accepter
guardduty ipset aws_guardduty_ipset
guardduty member aws_guardduty_member
guardduty organization_admin_account aws_guardduty_organization_admin_account
guardduty organization_configuration aws_guardduty_organization_configuration
guardduty organization_configuration_feature aws_guardduty_organization_configuration_feature
guardduty publishing_destination aws_guardduty_publishing_destination
guardduty threatintelset aws_guardduty_threatintelset
iam access_key aws_iam_access_key
iam account_alias aws_iam_account_alias
iam account_password_policy aws_iam_account_password_policy
iam group aws_iam_group
iam group_membership aws_iam_group_membership
iam group_policy aws_iam_group_policy
iam group_policy_attachment aws_iam_group_policy_attachment
iam instance_profile aws_iam_instance_profile
iam openid_connect_provider aws_iam_openid_connect_provider
iam policy aws_iam_policy
iam policy_attachment aws_iam_policy_attachment
iam role aws_iam_role
iam role_policy aws_iam_role_policy
iam role_policy_attachment aws_iam_role_policy_attachment
iam saml_provider aws_iam_saml_provider
iam security_token_service_preferences aws_iam_security_token_service_preferences
iam server_certificate aws_iam_server_certificate
iam service_linked_role aws_iam_service_linked_role
iam service_specific_credential aws_iam_service_specific_credential
iam signing_certificate aws_iam_signing_certificate
iam user aws_iam_user
iam user_group_membership aws_iam_user_group_membership
iam user_login_profile aws_iam_user_login_profile
iam user_policy aws_iam_user_policy
iam user_policy_attachment aws_iam_user_policy_attachment
iam user_ssh_key aws_iam_user_ssh_key
iam virtual_mfa_device aws_iam_virtual_mfa_device
identitystore group aws_identitystore_group
identitystore group_membership aws_identitystore_group_membership
identitystore user aws_identitystore_user
imagebuilder component aws_imagebuilder_component
imagebuilder container_recipe aws_imagebuilder_container_recipe
imagebuilder distribution_configuration aws_imagebuilder_distribution_configuration
imagebuilder image aws_imagebuilder_image
imagebuilder image_pipeline aws_imagebuilder_image_pipeline
imagebuilder image_recipe aws_imagebuilder_image_recipe
imagebuilder infrastructure_configuration aws_imagebuilder_infrastructure_configuration
imagebuilder workflow aws_imagebuilder_workflow
inspector assessment_target aws_inspector_assessment_target
inspector assessment_template aws_inspector_assessment_template
inspector resource_group aws_inspector_resource_group
inspector2 delegated_admin_account aws_inspector2_delegated_admin_account
inspector2 enabler aws_inspector2_enabler
inspector2 member_association aws_inspector2_member_association
inspector2 organization_configuration aws_inspector2_organization_configuration
internetmonitor monitor aws_internetmonitor_monitor
iot authorizer aws_iot_authorizer
iot ca_certificate aws_iot_ca_certificate
iot certificate aws_iot_certificate
iot domain_configuration aws_iot_domain_configuration
iot event_configurations aws_iot_event_configurations
iot indexing_configuration aws_iot_indexing_configuration
iot logging_options aws_iot_logging_options
iot policy aws_iot_policy
iot policy_attachment aws_iot_policy_attachment
iot provisioning_template aws_iot_provisioning_template
iot role_alias aws_iot_role_alias
iot thing aws_iot_thing
iot thing_group aws_iot_thing_group
iot thing_group_membership aws_iot_thing_group_membership
iot thing_principal_attachment aws_iot_thing_principal_attachment
iot thing_type aws_iot_thing_type
iot topic_rule aws_iot_topic_rule
iot topic_rule_destination aws_iot_topic_rule_destination
ivs channel aws_ivs_channel
ivs playback_key_pair aws_ivs_playback_key_pair
ivs recording_configuration aws_ivs_recording_configuration
ivschat logging_configuration aws_ivschat_logging_configuration
ivschat room aws_ivschat_room
kafka cluster aws_msk_cluster
kafka cluster_policy aws_msk_cluster_policy
kafka configuration aws_msk_configuration
kafka replicator aws_msk_replicator
kafka scram_secret_association aws_msk_scram_secret_association
kafka serverless_cluster aws_msk_serverless_cluster
kafka vpc_connection aws_msk_vpc_connection
kafkaconnect connector aws_mskconnect_connector
kafkaconnect custom_plugin aws_mskconnect_custom_plugin
kafkaconnect worker_configuration aws_mskconnect_worker_configuration
kendra data_source aws_kendra_data_source
kendra experience aws_kendra_experience
kendra faq aws_kendra_faq
kendra index aws_kendra_index
kendra query_suggestions_block_list aws_kendra_query_suggestions_block_list
kendra thesaurus aws_kendra_thesaurus
keyspaces keyspace aws_keyspaces_keyspace
keyspaces table aws_keyspaces_table
kinesis stream aws_kinesis_stream
kinesis stream_consumer aws_kinesis_stream_consumer
kinesisanalytics application aws_kinesis_analytics_application
kinesisanalyticsv2 application aws_kinesisanalyticsv2_application
kinesisanalyticsv2 application_snapshot aws_kinesisanalyticsv2_application_snapshot
kinesisvideo stream aws_kinesis_video_stream
kms alias aws_kms_alias
kms ciphertext aws_kms_ciphertext
kms custom_key_store aws_kms_custom_key_store
kms external_key aws_kms_external_key
kms grant aws_kms_grant
kms key aws_kms_key
kms key_policy aws_kms_key_policy
kms replica_external_key aws_kms_replica_external_key
kms replica_key aws_kms_replica_key
lakeformation data_lake_settings aws_lakeformation_data_lake_settings
lakeformation lf_tag aws_lakeformation_lf_tag
lakeformation permissions aws_lakeformation_permissions
lakeformation resource aws_lakeformation_resource
lakeformation resource_lf_tags aws_lakeformation_resource_lf_tags
lambda alias aws_lambda_alias
lambda code_signing_config aws_lambda_code_signing_config
lambda event_source_mapping aws_lambda_event_source_mapping
lambda function aws_lambda_function
lambda function_event_invoke_config aws_lambda_function_event_invoke_config
lambda function_url aws_lambda_function_url
lambda invocation aws_lambda_invocation
lambda layer_version aws_lambda_layer_version
lambda layer_version_permission aws_lambda_layer_version_permission
lambda permission aws_lambda_permission
lambda provisioned_concurrency_config aws_lambda_provisioned_concurrency_config
lexmodels bot aws_lex_bot
lexmodels bot_alias aws_lex_bot_alias
lexmodels intent aws_lex_intent
lexmodels slot_type aws_lex_slot_type
licensemanager association aws_licensemanager_association
licensemanager grant aws_licensemanager_grant
licensemanager grant_accepter aws_licensemanager_grant_accepter
licensemanager license_configuration aws_licensemanager_license_configuration
lightsail bucket aws_lightsail_bucket
lightsail bucket_access_key aws_lightsail_bucket_access_key
lightsail bucket_resource_access aws_lightsail_bucket_resource_access
lightsail certificate aws_lightsail_certificate
lightsail container_service aws_lightsail_container_service
lightsail container_service_deployment_version aws_lightsail_container_service_deployment_version
lightsail database aws_lightsail_database
lightsail disk aws_lightsail_disk
lightsail disk_attachment aws_lightsail_disk_attachment
lightsail distribution aws_lightsail_distribution
lightsail domain aws_lightsail_domain
lightsail domain_entry aws_lightsail_domain_entry
lightsail instance aws_lightsail_instance
lightsail instance_public_ports aws_lightsail_instance_public_ports
lightsail key_pair aws_lightsail_key_pair
lightsail lb aws_lightsail_lb
lightsail lb_attachment aws_lightsail_lb_attachment
lightsail lb_certificate aws_lightsail_lb_certificate
lightsail lb_certificate_attachment aws_lightsail_lb_certificate_attachment
lightsail lb_https_redirection_policy aws_lightsail_lb_https_redirection_policy
lightsail lb_stickiness_policy aws_lightsail_lb_stickiness_policy
lightsail static_ip aws_lightsail_static_ip
lightsail static_ip_attachment aws_lightsail_static_ip_attachment
location geofence_collection aws_location_geofence_collection
location map aws_location_map
location place_index aws_location_place_index
location route_calculator aws_location_route_calculator
location tracker aws_location_tracker
location tracker_association aws_location_tracker_association
logs account_policy aws_cloudwatch_log_account_policy
logs data_protection_policy aws_cloudwatch_log_data_protection_policy
logs destination aws_cloudwatch_log_destination
logs destination_policy aws_cloudwatch_log_destination_policy
logs group aws_cloudwatch_log_group
logs metric_filter aws_cloudwatch_log_metric_filter
logs query_definition aws_cloudwatch_query_definition
logs resource_policy aws_cloudwatch_log_resource_policy
logs stream aws_cloudwatch_log_stream
logs subscription_filter aws_cloudwatch_log_subscription_filter
macie2 account aws_macie2_account
macie2 classification_export_configuration aws_macie2_classification_export_configuration
macie2 classification_job aws_macie2_classification_job
macie2 custom_data_identifier aws_macie2_custom_data_identifier
macie2 findings_filter aws_macie2_findings_filter
macie2 invitation_accepter aws_macie2_invitation_accepter
macie2 member aws_macie2_member
macie2 organization_admin_account aws_macie2_organization_admin_account
mediaconvert queue aws_media_convert_queue
medialive channel aws_medialive_channel
medialive input aws_medialive_input
medialive input_security_group aws_medialive_input_security_group
medialive multiplex aws_medialive_multiplex
mediapackage channel aws_media_package_channel
mediastore container aws_media_store_container
mediastore container_policy aws_media_store_container_policy
memorydb acl aws_memorydb_acl
memorydb cluster aws_memorydb_cluster
memorydb parameter_group aws_memorydb_parameter_group
memorydb snapshot aws_memorydb_snapshot
memorydb subnet_group aws_memorydb_subnet_group
memorydb user aws_memorydb_user
mq broker aws_mq_broker
mq configuration aws_mq_configuration
mwaa environment aws_mwaa_environment
neptune cluster aws_neptune_cluster
neptune cluster_endpoint aws_neptune_cluster_endpoint
neptune cluster_instance aws_neptune_cluster_instance
neptune cluster_parameter_group aws_neptune_cluster_parameter_group
neptune cluster_snapshot aws_neptune_cluster_snapshot
neptune event_subscription aws_neptune_event_subscription
neptune global_cluster aws_neptune_global_cluster
neptune parameter_group aws_neptune_parameter_group
neptune subnet_group aws_neptune_subnet_group
networkfirewall firewall aws_networkfirewall_firewall
networkfirewall firewall_policy aws_networkfirewall_firewall_policy
networkfirewall logging_configuration aws_networkfirewall_logging_configuration
networkfirewall resource_policy aws_networkfirewall_resource_policy
networkfirewall rule_group aws_networkfirewall_rule_group
networkmanager attachment_accepter aws_networkmanager_attachment_accepter
networkmanager connect_attachment aws_networkmanager_connect_attachment
networkmanager connect_peer aws_networkmanager_connect_peer
networkmanager connection aws_networkmanager_connection
networkmanager core_network aws_networkmanager_core_network
networkmanager core_network_policy_attachment aws_networkmanager_core_network_policy_attachment
networkmanager customer_gateway_association aws_networkmanager_customer_gateway_association
networkmanager device aws_networkmanager_device
networkmanager global_network aws_networkmanager_global_network
networkmanager link aws_networkmanager_link
networkmanager link_association aws_networkmanager_link_association
networkmanager site aws_networkmanager_site
networkmanager site_to_site_vpn_attachment aws_networkmanager_site_to_site_vpn_attachment
networkmanager transit_gateway_connect_peer_association aws_networkmanager_transit_gateway_connect_peer_association
networkmanager transit_gateway_peering aws_networkmanager_transit_gateway_peering
networkmanager transit_gateway_registration aws_networkmanager_transit_gateway_registration
networkmanager transit_gateway_route_table_attachment aws_networkmanager_transit_gateway_route_table_attachment
networkmanager vpc_attachment aws_networkmanager_vpc_attachment
oam link aws_oam_link
oam sink aws_oam_sink
oam sink_policy aws_oam_sink_policy
opensearch domain aws_opensearch_domain
opensearch domain_policy aws_opensearch_domain_policy
opensearch domain_saml_options aws_opensearch_domain_saml_options
opensearch inbound_connection_accepter aws_opensearch_inbound_connection_accepter
opensearch outbound_connection aws_opensearch_outbound_connection
opensearch package aws_opensearch_package
opensearch package_association aws_opensearch_package_association
opensearch vpc_endpoint aws_opensearch_vpc_endpoint
opsworks application aws_opsworks_application
opsworks custom_layer aws_opsworks_custom_layer
opsworks ecs_cluster_layer aws_opsworks_ecs_cluster_layer
opsworks ganglia_layer aws_opsworks_ganglia_layer
opsworks haproxy_layer aws_opsworks_haproxy_layer
opsworks instance aws_opsworks_instance
opsworks java_app_layer aws_opsworks_java_app_layer
opsworks memcached_layer aws_opsworks_memcached_layer
opsworks mysql_layer aws_opsworks_mysql_layer
opsworks nodejs_app_layer aws_opsworks_nodejs_app_layer
opsworks permission aws_opsworks_permission
opsworks php_app_layer aws_opsworks_php_app_layer
opsworks rails_app_layer aws_opsworks_rails_app_layer
opsworks rds_db_instance aws_opsworks_rds_db_instance
opsworks stack aws_opsworks_stack
opsworks static_web_layer aws_opsworks_static_web_layer
opsworks user_profile aws_opsworks_user_profile
organizations account aws_organizations_account
organizations delegated_administrator aws_organizations_delegated_administrator
organizations organization aws_organizations_organization
organizations organizational_unit aws_organizations_organizational_unit
organizations policy aws_organizations_policy
organizations policy_attachment aws_organizations_policy_attachment
organizations resource_policy aws_organizations_resource_policy
pinpoint adm_channel aws_pinpoint_adm_channel
pinpoint apns_channel aws_pinpoint_apns_channel
pinpoint apns_sandbox_channel aws_pinpoint_apns_sandbox_channel
pinpoint apns_voip_channel aws_pinpoint_apns_voip_channel
pinpoint apns_voip_sandbox_channel aws_pinpoint_apns_voip_sandbox_channel
pinpoint app aws_pinpoint_app
pinpoint baidu_channel aws_pinpoint_baidu_channel
pinpoint email_channel aws_pinpoint_email_channel
pinpoint event_stream aws_pinpoint_event_stream
pinpoint gcm_channel aws_pinpoint_gcm_channel
pinpoint sms_channel aws_pinpoint_sms_channel
pipes pipe aws_pipes_pipe
qldb ledger aws_qldb_ledger
qldb stream aws_qldb_stream
quicksight account_subscription aws_quicksight_account_subscription
quicksight analysis aws_quicksight_analysis
quicksight dashboard aws_quicksight_dashboard
quicksight data_set aws_quicksight_data_set
quicksight data_source aws_quicksight_data_source
quicksight folder aws_quicksight_folder
quicksight group aws_quicksight_group
quicksight group_membership aws_quicksight_group_membership
quicksight template aws_quicksight_template
quicksight theme aws_quicksight_theme
quicksight user aws_quicksight_user
ram principal_association aws_ram_principal_association
ram resource_association aws_ram_resource_association
ram resource_share aws_ram_resource_share
ram resource_share_accepter aws_ram_resource_share_accepter
ram sharing_with_organization aws_ram_sharing_with_organization
rbin rule aws_rbin_rule
rds certificate aws_rds_certificate
rds cluster aws_rds_cluster
rds cluster_activity_stream aws_rds_cluster_activity_stream
rds cluster_endpoint aws_rds_cluster_endpoint
rds cluster_instance aws_rds_cluster_instance
rds cluster_parameter_group aws_rds_cluster_parameter_group
rds cluster_role_association aws_rds_cluster_role_association
rds cluster_snapshot aws_db_cluster_snapshot
rds custom_db_engine_version aws_rds_custom_db_engine_version
rds event_subscription aws_db_event_subscription
rds global_cluster aws_rds_global_cluster
rds instance aws_db_instance
rds instance_automated_backups_replication aws_db_instance_automated_backups_replication
rds instance_role_association aws_db_instance_role_association
rds option_group aws_db_option_group
rds parameter_group aws_db_parameter_group
rds proxy aws_db_proxy
rds proxy_default_target_group aws_db_proxy_default_target_group
rds proxy_endpoint aws_db_proxy_endpoint
rds proxy_target aws_db_proxy_target
rds reserved_instance aws_rds_reserved_instance
rds snapshot aws_db_snapshot
rds snapshot_copy aws_db_snapshot_copy
rds subnet_group aws_db_subnet_group
redshift authentication_profile aws_redshift_authentication_profile
redshift cluster aws_redshift_cluster
redshift cluster_iam_roles aws_redshift_cluster_iam_roles
redshift cluster_snapshot aws_redshift_cluster_snapshot
redshift endpoint_access aws_redshift_endpoint_access
redshift endpoint_authorization aws_redshift_endpoint_authorization
redshift event_subscription aws_redshift_event_subscription
redshift hsm_client_certificate aws_redshift_hsm_client_certificate
redshift hsm_configuration aws_redshift_hsm_configuration
redshift parameter_group aws_redshift_parameter_group
redshift partner aws_redshift_partner
redshift resource_policy aws_redshift_resource_policy
redshift scheduled_action aws_redshift_scheduled_action
redshift snapshot_copy_grant aws_redshift_snapshot_copy_grant
redshift snapshot_schedule aws_redshift_snapshot_schedule
redshift snapshot_schedule_association aws_redshift_snapshot_schedule_association
redshift subnet_group aws_redshift_subnet_group
redshift usage_limit aws_redshift_usage_limit
redshiftdata statement aws_redshiftdata_statement
redshiftserverless endpoint_access aws_redshiftserverless_endpoint_access
redshiftserverless namespace aws_redshiftserverless_namespace
redshiftserverless resource_policy aws_redshiftserverless_resource_policy
redshiftserverless snapshot aws_redshiftserverless_snapshot
redshiftserverless usage_limit aws_redshiftserverless_usage_limit
redshiftserverless workgroup aws_redshiftserverless_workgroup
resourcegroups group aws_resourcegroups_group
resourcegroups resource aws_resourcegroups_resource
rolesanywhere profile aws_rolesanywhere_profile
rolesanywhere trust_anchor aws_rolesanywhere_trust_anchor
route53 delegation_set aws_route53_delegation_set
route53 health_check aws_route53_health_check
route53 hosted_zone_dnssec aws_route53_hosted_zone_dnssec
route53 key_signing_key aws_route53_key_signing_key
route53 query_log aws_route53_query_log
route53 record aws_route53_record
route53 traffic_policy aws_route53_traffic_policy
route53 traffic_policy_instance aws_route53_traffic_policy_instance
route53 vpc_association_authorization aws_route53_vpc_association_authorization
route53 zone aws_route53_zone
route53 zone_association aws_route53_zone_association
route53domains registered_domain aws_route53domains_registered_domain
route53recoverycontrolconfig cluster aws_route53recoverycontrolconfig_cluster
route53recoverycontrolconfig control_panel aws_route53recoverycontrolconfig_control_panel
route53recoverycontrolconfig routing_control aws_route53recoverycontrolconfig_routing_control
route53recoverycontrolconfig safety_rule aws_route53recoverycontrolconfig_safety_rule
route53recoveryreadiness cell aws_route53recoveryreadiness_cell
route53recoveryreadiness readiness_check aws_route53recoveryreadiness_readiness_check
route53recoveryreadiness recovery_group aws_route53recoveryreadiness_recovery_group
route53recoveryreadiness resource_set aws_route53recoveryreadiness_resource_set
route53resolver config aws_route53_resolver_config
route53resolver dnssec_config aws_route53_resolver_dnssec_config
route53resolver endpoint aws_route53_resolver_endpoint
route53resolver firewall_config aws_route53_resolver_firewall_config
route53resolver firewall_domain_list aws_route53_resolver_firewall_domain_list
route53resolver firewall_rule aws_route53_resolver_firewall_rule
route53resolver firewall_rule_group aws_route53_resolver_firewall_rule_group
route53resolver firewall_rule_group_association aws_route53_resolver_firewall_rule_group_association
route53resolver query_log_config aws_route53_resolver_query_log_config
route53resolver query_log_config_association aws_route53_resolver_query_log_config_association
route53resolver rule aws_route53_resolver_rule
route53resolver rule_association aws_route53_resolver_rule_association
rum app_monitor aws_rum_app_monitor
rum metrics_destination aws_rum_metrics_destination
s3 bucket aws_s3_bucket
s3 bucket_accelerate_configuration aws_s3_bucket_accelerate_configuration
s3 bucket_acl aws_s3_bucket_acl
s3 bucket_analytics_configuration aws_s3_bucket_analytics_configuration
s3 bucket_cors_configuration aws_s3_bucket_cors_configuration
s3 bucket_intelligent_tiering_configuration aws_s3_bucket_intelligent_tiering_configuration
s3 bucket_inventory aws_s3_bucket_inventory
s3 bucket_lifecycle_configuration aws_s3_bucket_lifecycle_configuration
s3 bucket_logging aws_s3_bucket_logging
s3 bucket_metric aws_s3_bucket_metric
s3 bucket_notification aws_s3_bucket_notification
s3 bucket_object aws_s3_bucket_object
s3 bucket_object_lock_configuration aws_s3_bucket_object_lock_configuration
s3 bucket_ownership_controls aws_s3_bucket_ownership_controls
s3 bucket_policy aws_s3_bucket_policy
s3 bucket_public_access_block aws_s3_bucket_public_access_block
s3 bucket_replication_configuration aws_s3_bucket_replication_configuration
s3 bucket_request_payment_configuration aws_s3_bucket_request_payment_configuration
s3 bucket_server_side_encryption_configuration aws_s3_bucket_server_side_encryption_configuration
s3 bucket_versioning aws_s3_bucket_versioning
s3 bucket_website_configuration aws_s3_bucket_website_configuration
s3 object aws_s3_object
s3 object_copy aws_s3_object_copy
s3control access_point aws_s3_access_point
s3control access_point_policy aws_s3control_access_point_policy
s3control account_public_access_block aws_s3_account_public_access_block
s3control bucket aws_s3control_bucket
s3control bucket_lifecycle_configuration aws_s3control_bucket_lifecycle_configuration
s3control bucket_policy aws_s3control_bucket_policy
s3control multi_region_access_point aws_s3control_multi_region_access_point
s3control multi_region_access_point_policy aws_s3control_multi_region_access_point_policy
s3control object_lambda_access_point aws_s3control_object_lambda_access_point
s3control object_lambda_access_point_policy aws_s3control_object_lambda_access_point_policy
s3control storage_lens_configuration aws_s3control_storage_lens_configuration
s3outposts endpoint aws_s3outposts_endpoint
sagemaker app aws_sagemaker_app
sagemaker app_image_config aws_sagemaker_app_image_config
sagemaker code_repository aws_sagemaker_code_repository
sagemaker data_quality_job_definition aws_sagemaker_data_quality_job_definition
sagemaker device aws_sagemaker_device
sagemaker device_fleet aws_sagemaker_device_fleet
sagemaker domain aws_sagemaker_domain
sagemaker endpoint aws_sagemaker_endpoint
sagemaker endpoint_configuration aws_sagemaker_endpoint_configuration
sagemaker feature_group aws_sagemaker_feature_group
sagemaker flow_definition aws_sagemaker_flow_definition
sagemaker hub aws_sagemaker_hub
sagemaker human_task_ui aws_sagemaker_human_task_ui
sagemaker image aws_sagemaker_image
sagemaker image_version aws_sagemaker_image_version
sagemaker mlflow_tracking_server aws_sagemaker_mlflow_tracking_server
sagemaker model aws_sagemaker_model
sagemaker model_package_group aws_sagemaker_model_package_group
sagemaker model_package_group_policy aws_sagemaker_model_package_group_policy
sagemaker monitoring_schedule aws_sagemaker_monitoring_schedule
sagemaker notebook_instance aws_sagemaker_notebook_instance
sagemaker notebook_instance_lifecycle_configuration aws_sagemaker_notebook_instance_lifecycle_configuration
sagemaker pipeline aws_sagemaker_pipeline
sagemaker project aws_sagemaker_project
sagemaker servicecatalog_portfolio_status aws_sagemaker_servicecatalog_portfolio_status
sagemaker space aws_sagemaker_space
sagemaker studio_lifecycle_config aws_sagemaker_studio_lifecycle_config
sagemaker user_profile aws_sagemaker_user_profile
sagemaker workforce aws_sagemaker_workforce
sagemaker workteam aws_sagemaker_workteam
scheduler schedule aws_scheduler_schedule
scheduler schedule_group aws_scheduler_schedule_group
schemas discoverer aws_schemas_discoverer
schemas registry aws_schemas_registry
schemas registry_policy aws_schemas_registry_policy
schemas schema aws_schemas_schema
secretsmanager secret aws_secretsmanager_secret
secretsmanager secret_policy aws_secretsmanager_secret_policy
secretsmanager secret_rotation aws_secretsmanager_secret_rotation
secretsmanager secret_version aws_secretsmanager_secret_version
securityhub account aws_securityhub_account
securityhub action_target aws_securityhub_action_target
securityhub configuration_policy aws_securityhub_configuration_policy
securityhub configuration_policy_association aws_securityhub_configuration_policy_association
securityhub finding_aggregator aws_securityhub_finding_aggregator
securityhub insight aws_securityhub_insight
securityhub invite_accepter aws_securityhub_invite_accepter
securityhub member aws_securityhub_member
securityhub organization_admin_account aws_securityhub_organization_admin_account
securityhub organization_configuration aws_securityhub_organization_configuration
securityhub product_subscription aws_securityhub_product_subscription
securityhub standards_control aws_securityhub_standards_control
securityhub standards_subscription aws_securityhub_standards_subscription
serverlessrepo cloudformation_stack aws_serverlessapplicationrepository_cloudformation_stack
servicecatalog budget_resource_association aws_servicecatalog_budget_resource_association
servicecatalog constraint aws_servicecatalog_constraint
servicecatalog organizations_access aws_servicecatalog_organizations_access
servicecatalog portfolio aws_servicecatalog_portfolio
servicecatalog portfolio_share aws_servicecatalog_portfolio_share
servicecatalog principal_portfolio_association aws_servicecatalog_principal_portfolio_association
servicecatalog product aws_servicecatalog_product
servicecatalog product_portfolio_association aws_servicecatalog_product_portfolio_association
servicecatalog provisioned_product aws_servicecatalog_provisioned_product
servicecatalog provisioning_artifact aws_servicecatalog_provisioning_artifact
servicecatalog service_action aws_servicecatalog_service_action
servicecatalog tag_option aws_servicecatalog_tag_option
servicecatalog tag_option_resource_association aws_servicecatalog_tag_option_resource_association
servicediscovery http_namespace aws_service_discovery_http_namespace
servicediscovery instance aws_service_discovery_instance
servicediscovery private_dns_namespace aws_service_discovery_private_dns_namespace
servicediscovery public_dns_namespace aws_service_discovery_public_dns_namespace
servicediscovery service aws_service_discovery_service
servicequotas service_quota aws_servicequotas_service_quota
ses active_receipt_rule_set aws_ses_active_receipt_rule_set
ses configuration_set aws_ses_configuration_set
ses domain_dkim aws_ses_domain_dkim
ses domain_identity aws_ses_domain_identity
ses domain_identity_verification aws_ses_domain_identity_verification
ses domain_mail_from aws_ses_domain_mail_from
ses email_identity aws_ses_email_identity
ses event_destination aws_ses_event_destination
ses identity_notification_topic aws_ses_identity_notification_topic
ses identity_policy aws_ses_identity_policy
ses receipt_filter aws_ses_receipt_filter
ses receipt_rule aws_ses_receipt_rule
ses receipt_rule_set aws_ses_receipt_rule_set
ses template aws_ses_template
sesv2 account_vdm_attributes aws_sesv2_account_vdm_attributes
sesv2 configuration_set aws_sesv2_configuration_set
sesv2 configuration_set_event_destination aws_sesv2_configuration_set_event_destination
sesv2 contact_list aws_sesv2_contact_list
sesv2 dedicated_ip_assignment aws_sesv2_dedicated_ip_assignment
sesv2 dedicated_ip_pool aws_sesv2_dedicated_ip_pool
sesv2 email_identity aws_sesv2_email_identity
sesv2 email_identity_feedback_attributes aws_sesv2_email_identity_feedback_attributes
sesv2 email_identity_mail_from_attributes aws_sesv2_email_identity_mail_from_attributes
sesv2 email_identity_policy aws_sesv2_email_identity_policy
sfn activity aws_sfn_activity
sfn alias aws_sfn_alias
sfn state_machine aws_sfn_state_machine
shield protection aws_shield_protection
shield protection_group aws_shield_protection_group
shield protection_health_check_association aws_shield_protection_health_check_association
signer signing_job aws_signer_signing_job
signer signing_profile aws_signer_signing_profile
signer signing_profile_permission aws_signer_signing_profile_permission
sns platform_application aws_sns_platform_application
sns sms_preferences aws_sns_sms_preferences
sns topic aws_sns_topic
sns topic_data_protection_policy aws_sns_topic_data_protection_policy
sns topic_policy aws_sns_topic_policy
sns topic_subscription aws_sns_topic_subscription
sqs queue aws_sqs_queue
sqs queue_policy aws_sqs_queue_policy
sqs queue_redrive_allow_policy aws_sqs_queue_redrive_allow_policy
sqs queue_redrive_policy aws_sqs_queue_redrive_policy
ssm activation aws_ssm_activation
ssm association aws_ssm_association
ssm default_patch_baseline aws_ssm_default_patch_baseline
ssm document aws_ssm_document
ssm maintenance_window aws_ssm_maintenance_window
ssm maintenance_window_target aws_ssm_maintenance_window_target
ssm maintenance_window_task aws_ssm_maintenance_window_task
ssm parameter aws_ssm_parameter
ssm patch_baseline aws_ssm_patch_baseline
ssm patch_group aws_ssm_patch_group
ssm resource_data_sync aws_ssm_resource_data_sync
ssm service_setting aws_ssm_service_setting
ssmcontacts contact aws_ssmcontacts_contact
ssmcontacts contact_channel aws_ssmcontacts_contact_channel
ssmcontacts plan aws_ssmcontacts_plan
ssmincidents replication_set aws_ssmincidents_replication_set
ssmincidents response_plan aws_ssmincidents_response_plan
ssoadmin account_assignment aws_ssoadmin_account_assignment
ssoadmin customer_managed_policy_attachment aws_ssoadmin_customer_managed_policy_attachment
ssoadmin instance_access_control_attributes aws_ssoadmin_instance_access_control_attributes
ssoadmin managed_policy_attachment aws_ssoadmin_managed_policy_attachment
ssoadmin permission_set aws_ssoadmin_permission_set
ssoadmin permission_set_inline_policy aws_ssoadmin_permission_set_inline_policy
ssoadmin permissions_boundary_attachment aws_ssoadmin_permissions_boundary_attachment
storagegateway cache aws_storagegateway_cache
storagegateway cached_iscsi_volume aws_storagegateway_cached_iscsi_volume
storagegateway file_system_association aws_storagegateway_file_system_association
storagegateway gateway aws_storagegateway_gateway
storagegateway nfs_file_share aws_storagegateway_nfs_file_share
storagegateway smb_file_share aws_storagegateway_smb_file_share
storagegateway stored_iscsi_volume aws_storagegateway_stored_iscsi_volume
storagegateway tape_pool aws_storagegateway_tape_pool
storagegateway upload_buffer aws_storagegateway_upload_buffer
storagegateway working_storage aws_storagegateway_working_storage
swf domain aws_swf_domain
synthetics canary aws_synthetics_canary
synthetics group aws_synthetics_group
synthetics group_association aws_synthetics_group_association
timestreamwrite database aws_timestreamwrite_database
timestreamwrite table aws_timestreamwrite_table
transcribe language_model aws_transcribe_language_model
transcribe medical_vocabulary aws_transcribe_medical_vocabulary
transcribe vocabulary aws_transcribe_vocabulary
transcribe vocabulary_filter aws_transcribe_vocabulary_filter
transfer access aws_transfer_access
transfer agreement aws_transfer_agreement
transfer certificate aws_transfer_certificate
transfer connector aws_transfer_connector
transfer profile aws_transfer_profile
transfer server aws_transfer_server
transfer ssh_key aws_transfer_ssh_key
transfer tag_gen aws_transfer_tag
transfer user aws_transfer_user
transfer workflow aws_transfer_workflow
vpclattice access_log_subscription aws_vpclattice_access_log_subscription
vpclattice auth_policy aws_vpclattice_auth_policy
vpclattice listener aws_vpclattice_listener
vpclattice listener_rule aws_vpclattice_listener_rule
vpclattice resource_policy aws_vpclattice_resource_policy
vpclattice service aws_vpclattice_service
vpclattice service_network aws_vpclattice_service_network
vpclattice service_network_service_association aws_vpclattice_service_network_service_association
vpclattice service_network_vpc_association aws_vpclattice_service_network_vpc_association
vpclattice target_group aws_vpclattice_target_group
vpclattice target_group_attachment aws_vpclattice_target_group_attachment
waf byte_match_set aws_waf_byte_match_set
waf geo_match_set aws_waf_geo_match_set
waf ipset aws_waf_ipset
waf rate_based_rule aws_waf_rate_based_rule
waf regex_match_set aws_waf_regex_match_set
waf regex_pattern_set aws_waf_regex_pattern_set
waf rule aws_waf_rule
waf rule_group aws_waf_rule_group
waf size_constraint_set aws_waf_size_constraint_set
waf sql_injection_match_set aws_waf_sql_injection_match_set
waf web_acl aws_waf_web_acl
waf xss_match_set aws_waf_xss_match_set
wafregional byte_match_set aws_wafregional_byte_match_set
wafregional geo_match_set aws_wafregional_geo_match_set
wafregional ipset aws_wafregional_ipset
wafregional rate_based_rule aws_wafregional_rate_based_rule
wafregional regex_match_set aws_wafregional_regex_match_set
wafregional regex_pattern_set aws_wafregional_regex_pattern_set
wafregional rule aws_wafregional_rule
wafregional rule_group aws_wafregional_rule_group
wafregional size_constraint_set aws_wafregional_size_constraint_set
wafregional sql_injection_match_set aws_wafregional_sql_injection_match_set
wafregional web_acl aws_wafregional_web_acl
wafregional web_acl_association aws_wafregional_web_acl_association
wafregional xss_match_set aws_wafregional_xss_match_set
wafv2 ip_set aws_wafv2_ip_set
wafv2 regex_pattern_set aws_wafv2_regex_pattern_set
wafv2 rule_group aws_wafv2_rule_group
wafv2 web_acl aws_wafv2_web_acl
wafv2 web_acl_association aws_wafv2_web_acl_association
wafv2 web_acl_logging_configuration aws_wafv2_web_acl_logging_configuration
worklink fleet aws_worklink_fleet
worklink website_certificate_authority_association aws_worklink_website_certificate_authority_association
workspaces directory aws_workspaces_directory
workspaces ip_group aws_workspaces_ip_group
workspaces workspace aws_workspaces_workspace
xray encryption_config aws_xray_encryption_config
xray group aws_xray_group
xray sampling_rule aws_xray_sampling_rule
